[zukul.com/index.html]
[backblue.gif]
[fade.gif]
[index.html]
[zukul.com/”https_/plus.google.com/112717483154655654841”.html]
[zukul.com/favicon.ico]
[zukul.com/public/images/favicon/apple-touch-icon.png]
[zukul.com/public/images/favicon/apple-touch-icon-72x72.png]
[zukul.com/public/images/favicon/apple-touch-icon-114x114.png]
[zukul.com/public/inspinia/css/bootstrap.min.css]
[zukul.com/public/inspinia/css/animate.css]
[zukul.com/public/inspinia/font-awesome/css/font-awesome.min.css]
[zukul.com/public/inspinia/css/stylea255.css]
[zukul.com/public/styles/index5661.css]
[zukul.com/public/styles/prel.css]
[zukul.com/public/inspinia/js/jquery-3.1.1.min.js]
[zukul.com/public/inspinia/js/bootstrap.min.js]
[zukul.com/public/inspinia/js/plugins/metisMenu/jquery.metisMenu.js]
[zukul.com/public/inspinia/js/plugins/slimscroll/jquery.slimscroll.min.js]
[zukul.com/public/inspinia/js/inspinia.js]
[zukul.com/public/inspinia/js/plugins/pace/pace.min.js]
[zukul.com/public/inspinia/js/plugins/wow/wow.min.js]
[zukul.com/public/scripts/jquery.number.min.js]
[zukul.com/public/scripts/jquery-dateFormat.min.js]
[zukul.com/public/scripts/sweetalert.min.js]
[zukul.com/public/scripts/jquery.validate5661.js]
[www.google.com/recaptcha/api85f1.js]
[zukul.com/public/scripts/index6d17.js]
[www.google-analytics.com/analytics.js]
[zukul.com/cookie-policy.html]
[zukul.com/contact.html]
[zukul.com/public/inspinia/img/landing/laptop.png]
[zukul.com/public/images/testimonials/screen1.jpg]
[zukul.com/public/images/testimonials/face1.jpg]
[zukul.com/public/images/testimonials/screen5.jpg]
[zukul.com/public/images/testimonials/face5.jpg]
[zukul.com/public/images/testimonials/screen2.jpg]
[zukul.com/public/images/testimonials/face2.jpg]
[zukul.com/public/images/testimonials/screen6.jpg]
[zukul.com/public/images/testimonials/face6.jpg]
[zukul.com/public/images/testimonials/screen3.jpg]
[zukul.com/public/images/testimonials/face3.jpg]
[zukul.com/public/images/testimonials/screen4.jpg]
[zukul.com/public/images/testimonials/face4.jpg]
[zukul.com/public/images/icons/btc-black.png]
[zukul.com/public/images/icons/btc.png]
[zukul.com/public/images/logo.png]
[zukul.com/terms.html]
[zukul.com/disclaimer.html]
[zukul.com/statement.html]
[zukul.com/privacy.html]
[zukul.com/refund.html]
[zukul.com/public/images/preloaderlogo.png]
[zukul.com/index.html]
[zukul.com/”https_/plus.google.com/112717483154655654841”.html]
[zukul.com/public/inspinia/fonts/glyphicons-halflings-regular.eot]
[zukul.com/public/inspinia/fonts/glyphicons-halflings-regulard41d.eot]
[zukul.com/public/inspinia/fonts/glyphicons-halflings-regular.woff2]
[zukul.com/public/inspinia/fonts/glyphicons-halflings-regular.woff]
[zukul.com/public/inspinia/fonts/glyphicons-halflings-regular.ttf]
[zukul.com/public/inspinia/css/bootstrap.min.css]
[zukul.com/public/inspinia/css/animate.css]
[zukul.com/public/inspinia/font-awesome/fonts/fontawesome-webfont3e6e.eot]
[zukul.com/public/inspinia/font-awesome/fonts/fontawesome-webfontd41d.eot]
[zukul.com/public/inspinia/font-awesome/fonts/fontawesome-webfont3e6e.woff2]
[zukul.com/public/inspinia/font-awesome/fonts/fontawesome-webfont3e6e.woff]
[zukul.com/public/inspinia/font-awesome/fonts/fontawesome-webfont3e6e.ttf]
[zukul.com/public/inspinia/font-awesome/css/font-awesome.min.css]
[zukul.com/public/inspinia/css/patterns/header-profile.png]
[zukul.com/public/inspinia/css/patterns/shattered.png]
[zukul.com/public/inspinia/img/landing/header_one.jpg]
[zukul.com/public/inspinia/img/landing/header_two.jpg]
[zukul.com/public/inspinia/img/landing/word_map.png]
[zukul.com/public/inspinia/css/patterns/header-profile-skin-1.png]
[zukul.com/public/inspinia/css/patterns/header-profile-skin-3.png]
[zukul.com/public/inspinia/css/patterns/3.png]
[zukul.com/public/inspinia/css/patterns/4.png]
[zukul.com/public/inspinia/css/patterns/header-profile-skin-2.png]
[zukul.com/public/inspinia/css/stylea255.css]
[zukul.com/public/images/left-signs.png]
[zukul.com/public/styles/index5661.css]
[zukul.com/public/styles/prel.css]
[zukul.com/cookie-policy.html]
[zukul.com/contact.html]
[zukul.com/terms.html]
[zukul.com/disclaimer.html]
[zukul.com/statement.html]
[zukul.com/privacy.html]
[zukul.com/refund.html]
[zukul.com/public/inspinia/fonts/glyphicons-halflings-regular.svg]
[zukul.com/public/inspinia/font-awesome/fonts/fontawesome-webfont3e6e.svg]
[zukul.com/public/inspinia/img/landing/avatar_all.html]
